// Jest Snapshot v1, https://goo.gl/fbAQLP

exports[`描画されてすぐはOFFと表示されている 1`] = `
<div>
  <button
    class="MuiButtonBase-root MuiButton-root MuiButton-text MuiButton-textPrimary MuiButton-sizeMedium MuiButton-textSizeMedium MuiButton-colorPrimary MuiButton-root MuiButton-text MuiButton-textPrimary MuiButton-sizeMedium MuiButton-textSizeMedium MuiButton-colorPrimary css-1n36z20-MuiButtonBase-root-MuiButton-root"
    tabindex="0"
    type="button"
  >
    OFF
    <span
      class="MuiTouchRipple-root css-8je8zh-MuiTouchRipple-root"
    />
  </button>
</div>
`;
